---
source: src/snippet_engine.rs
expression: terminal.backend()
snapshot_kind: text
---
"┏━━━━━━━━━━━━━━━━━━━━━━━━━━━━━━ This is a title ━━━━━━━━━━━━━━━━━━━━━━━━━━━━━━━┓"
"┃                                                                              ┃"
"┃ This is the body text                                                        ┃"
"┃                                                                              ┃"
"┃                                                                              ┃"
"┃                                                                              ┃"
"┃                                                                              ┃"
"┃                                                                              ┃"
"┃                                                                              ┃"
"┃                                                                              ┃"
"┃                                                                              ┃"
"┃                                                                              ┃"
"┃                                                                              ┃"
"┃                                                                              ┃"
"┃                                                                              ┃"
"┃                                                                              ┃"
"┃                                                                              ┃"
"┃                                                                              ┃"
"┃                                                                              ┃"
"┗━━━━━━━━━━━━━━━━━━ Next Snipp <Enter> Previous Snipp <Esc> ━━━━━━━━━━━━━━━━━━━┛"
